Copyright 1986-2022 Xilinx, Inc. All Rights Reserved.
--------------------------------------------------------------------------------------
| Tool Version : Vivado v.2022.1 (win64) Build 3526262 Mon Apr 18 15:48:16 MDT 2022
| Date         : Sat Nov 30 23:02:39 2024
| Host         : DESKTOP-RJ15DL8 running 64-bit major release  (build 9200)
| Command      : report_control_sets -verbose -file BLACKJACK_control_sets_placed.rpt
| Design       : BLACKJACK
| Device       : xc7a35ti
--------------------------------------------------------------------------------------

Control Set Information

Table of Contents
-----------------
1. Summary
2. Histogram
3. Flip-Flop Distribution
4. Detailed Control Set Information

1. Summary
----------

+----------------------------------------------------------+-------+
|                          Status                          | Count |
+----------------------------------------------------------+-------+
| Total control sets                                       |    44 |
|    Minimum number of control sets                        |    44 |
|    Addition due to synthesis replication                 |     0 |
|    Addition due to physical synthesis replication        |     0 |
| Unused register locations in slices containing registers |   182 |
+----------------------------------------------------------+-------+
* Control sets can be merged at opt_design using control_set_merge or merge_equivalent_drivers
** Run report_qor_suggestions for automated merging and remapping suggestions


2. Histogram
------------

+--------------------+-------+
|       Fanout       | Count |
+--------------------+-------+
| Total control sets |    44 |
| >= 0 to < 4        |     1 |
| >= 4 to < 6        |    28 |
| >= 6 to < 8        |     0 |
| >= 8 to < 10       |     2 |
| >= 10 to < 12      |     4 |
| >= 12 to < 14      |     2 |
| >= 14 to < 16      |     2 |
| >= 16              |     5 |
+--------------------+-------+
* Control sets can be remapped at either synth_design or opt_design


3. Flip-Flop Distribution
-------------------------

+--------------+-----------------------+------------------------+-----------------+--------------+
| Clock Enable | Synchronous Set/Reset | Asynchronous Set/Reset | Total Registers | Total Slices |
+--------------+-----------------------+------------------------+-----------------+--------------+
| No           | No                    | No                     |             439 |          265 |
| No           | No                    | Yes                    |              43 |           23 |
| No           | Yes                   | No                     |              12 |            3 |
| Yes          | No                    | No                     |             100 |           33 |
| Yes          | No                    | Yes                    |              56 |           26 |
| Yes          | Yes                   | No                     |              32 |            9 |
+--------------+-----------------------+------------------------+-----------------+--------------+


4. Detailed Control Set Information
-----------------------------------

+------------------------------------------------------+-----------------------------------------------------+-----------------------------------------------------+------------------+----------------+--------------+
|                     Clock Signal                     |                    Enable Signal                    |                   Set/Reset Signal                  | Slice Load Count | Bel Load Count | Bels / Slice |
+------------------------------------------------------+-----------------------------------------------------+-----------------------------------------------------+------------------+----------------+--------------+
|  my_univ_sseg/CLK_DIV/out[0]                         |                                                     |                                                     |                1 |              2 |         2.00 |
|  clk_IBUF_BUFG                                       |                                                     | blckjack_pixl/bj/rand_user_inc2/count[3]_i_1__1_n_2 |                1 |              4 |         4.00 |
|  clk_IBUF_BUFG                                       | blckjack_pixl/bj/dealer_cards[9][3]_i_1_n_2         |                                                     |                2 |              4 |         2.00 |
|  clk_IBUF_BUFG                                       | blckjack_pixl/bj/dealer_cards[6][3]_i_1_n_2         |                                                     |                1 |              4 |         4.00 |
|  clk_IBUF_BUFG                                       | blckjack_pixl/bj/dealer_cards                       |                                                     |                1 |              4 |         4.00 |
|  clk_IBUF_BUFG                                       |                                                     | blckjack_pixl/bj/rand_user_inc/count[3]_i_1__0_n_2  |                1 |              4 |         4.00 |
|  clk_IBUF_BUFG                                       | blckjack_pixl/bj/player_cards[9][3]_i_1_n_2         |                                                     |                1 |              4 |         4.00 |
|  clk_IBUF_BUFG                                       |                                                     | blckjack_pixl/bj/rand_dealer_inc/count[3]_i_1_n_2   |                1 |              4 |         4.00 |
|  clk_IBUF_BUFG                                       | blckjack_pixl/bj/dealer_cards[7][3]_i_1_n_2         |                                                     |                2 |              4 |         2.00 |
|  clk_IBUF_BUFG                                       | blckjack_pixl/bj/player_cards[4][3]_i_1_n_2         |                                                     |                1 |              4 |         4.00 |
|  clk_IBUF_BUFG                                       | blckjack_pixl/bj/player_cards[5][3]_i_1_n_2         |                                                     |                2 |              4 |         2.00 |
|  clk_IBUF_BUFG                                       | blckjack_pixl/bj/player_cards[1][3]_i_1_n_2         |                                                     |                2 |              4 |         2.00 |
|  clk_IBUF_BUFG                                       | blckjack_pixl/bj/player_cards[3][3]_i_1_n_2         |                                                     |                1 |              4 |         4.00 |
|  clk_IBUF_BUFG                                       | blckjack_pixl/bj/player_cards[7][3]_i_1_n_2         |                                                     |                2 |              4 |         2.00 |
|  clk_IBUF_BUFG                                       | blckjack_pixl/bj/player_cards[8][3]_i_1_n_2         |                                                     |                1 |              4 |         4.00 |
|  clk_IBUF_BUFG                                       | blckjack_pixl/bj/player_cards[6][3]_i_1_n_2         |                                                     |                1 |              4 |         4.00 |
|  clk_IBUF_BUFG                                       | blckjack_pixl/bj/player_cards[2][3]_i_1_n_2         |                                                     |                1 |              4 |         4.00 |
|  clk_IBUF_BUFG                                       | blckjack_pixl/bj/rand_user_inc/count[3]_i_1__0_n_2  |                                                     |                1 |              4 |         4.00 |
|  clk_IBUF_BUFG                                       | blckjack_pixl/bj/rand_user_inc2/count[3]_i_1__1_n_2 |                                                     |                1 |              4 |         4.00 |
|  clk_IBUF_BUFG                                       | blckjack_pixl/bj/rand_dealer_inc/count[3]_i_1_n_2   |                                                     |                1 |              4 |         4.00 |
|  clk_IBUF_BUFG                                       | blckjack_pixl/bj/dealer_cards[8][3]_i_1_n_2         |                                                     |                1 |              4 |         4.00 |
|  clk_IBUF_BUFG                                       | blckjack_pixl/bj/player_cards                       |                                                     |                2 |              4 |         2.00 |
|  clk_IBUF_BUFG                                       | blckjack_pixl/bj/dealer_cards[4][3]_i_1_n_2         |                                                     |                1 |              4 |         4.00 |
|  clk_IBUF_BUFG                                       | blckjack_pixl/bj/dealer_cards[2][3]_i_1_n_2         |                                                     |                2 |              4 |         2.00 |
|  clk_IBUF_BUFG                                       | blckjack_pixl/bj/dealer_cards[1][3]_i_1_n_2         |                                                     |                2 |              4 |         2.00 |
|  clk_IBUF_BUFG                                       | blckjack_pixl/bj/dealer_cards[0][3]_i_1_n_2         |                                                     |                1 |              4 |         4.00 |
|  clk_IBUF_BUFG                                       | blckjack_pixl/bj/player_cards[0][3]_i_1_n_2         |                                                     |                1 |              4 |         4.00 |
|  clk_IBUF_BUFG                                       | blckjack_pixl/bj/dealer_cards[3][3]_i_1_n_2         |                                                     |                1 |              4 |         4.00 |
|  clk_IBUF_BUFG                                       | blckjack_pixl/bj/dealer_cards[5][3]_i_1_n_2         |                                                     |                1 |              4 |         4.00 |
|  clk_IBUF_BUFG                                       | blckjack_pixl/bj/dealer_total[4]_i_1_n_2            | signal_pulses/oneshotter/rst_pulse                  |                5 |              9 |         1.80 |
|  clk_IBUF_BUFG                                       | blckjack_pixl/bj/card_num[3]_i_1_n_2                | signal_pulses/oneshotter/rst_pulse                  |                7 |              9 |         1.29 |
|  vga_controller/h_count_next[9]_i_2_n_2              |                                                     | signal_pulses/oneshotter/rst_pulse                  |                6 |             10 |         1.67 |
|  vga_controller/h_count_next[9]_i_2_n_2              | vga_controller/v_count_next[9]_i_1_n_2              | signal_pulses/oneshotter/rst_pulse                  |                5 |             10 |         2.00 |
|  blckjack_pixl/bj/E[0]                               |                                                     |                                                     |                5 |             11 |         2.20 |
|  blckjack_pixl/bj/card_num_reg[3]_0[0]               |                                                     |                                                     |                8 |             11 |         1.38 |
|  vga_controller/rom_addr_reg[6]_i_9_0                |                                                     |                                                     |                4 |             12 |         3.00 |
|  blckjack_pixl/dealer_box/rom_addr_reg[6]_i_2__0_n_2 |                                                     |                                                     |                4 |             12 |         3.00 |
|  clk_IBUF_BUFG                                       | blckjack_pixl/bj/bet_amnt[13]_i_1_n_2               | signal_pulses/oneshotter/rst_pulse                  |                5 |             14 |         2.80 |
|  clk_IBUF_BUFG                                       | blckjack_pixl/bj/player_money[13]_i_1_n_2           | signal_pulses/oneshotter/rst_pulse                  |                4 |             14 |         3.50 |
|  clk_IBUF_BUFG                                       | signal_pulses/oneshotter/rst_pulse_reg_0            | blckjack_pixl/bj/staller[31]_i_1_n_2                |                9 |             32 |         3.56 |
|  clk_IBUF_BUFG                                       |                                                     | signal_pulses/oneshotter/rst_pulse                  |               17 |             33 |         1.94 |
|  clk_IBUF_BUFG                                       |                                                     |                                                     |               12 |             41 |         3.42 |
|  n_0_1701_BUFG                                       |                                                     |                                                     |              116 |            175 |         1.51 |
|  n_1_3387_BUFG                                       |                                                     |                                                     |              115 |            175 |         1.52 |
+------------------------------------------------------+-----------------------------------------------------+-----------------------------------------------------+------------------+----------------+--------------+


